---
source: tests/render_snapshots.rs
expression: "render_to_string(&model, 100, 24)"
---
"┌Rebase─────────────────────────────────────────────────────────────────────────────────/repo/magi/┐"
"│ pick   [hash] Add feature A                                                                     │"
"│ fixup  [hash] Fix typo in A                                                                     │"
"│ reword [hash] Add feature C                                                                     │"
"│ drop   [hash] WIP experiment                                                                    │"
"│                                                                                                  │"
"│                                                                                                  │"
"│                                                                                                  │"
"│                                                                                                  │"
"│                                                                                                  │"
"│                                                                                                  │"
"│                                                                                                  │"
"│                                                                                                  │"
"│                                                                                                  │"
"│                                                                                                  │"
"│                                                                                                  │"
"│                                                                                                  │"
"│                                                                                                  │"
"│                                                                                                  │"
"│                                                                                                  │"
"│                                                                                                  │"
"│                                                                                                  │"
"│                                                                                                  │"
"└ NORMAL  p pick  r reword  e edit  s squash  f fixup  d drop  K/J move  u undo  ⏎ rebase  q abort─┘"
