---
source: tests/render_snapshots.rs
expression: "render_to_string(&model, 80, 24)"
---
"┌Magi───────────────────────────────────────────────────────────────/repo/magi/┐"
"│∨Head:    main [hash] Initial commit                                         │"
"│                                                                              │"
"│∨Recent commits                                                               │"
"│ [hash] main Initial commit                                                  │"
"│                                                                              │"
"│                                                                              │"
"│                                                                              │"
"│                                                                              │"
"│                                                                              │"
"│                                                                              │"
"│                                                                              │"
"│                                                                              │"
"│                                                                              │"
"│                                                                              │"
"┌Merge─────────────────────────────────────────────────────────────────────────┐"
"│Actions                                                                       │"
"│ m Merge                                                                      │"
"│ e Merge and edit message                                                     │"
"│ n Merge but don't commit                                                     │"
"│ a Absorb                                                                     │"
"│ p Preview merge                                                              │"
"│ s Squash merge                                                               │"
"└──────────────────────────────────────────────────────────────────────────────┘"
