---
source: tests/render_snapshots.rs
expression: "render_to_styled_string(&model, 80, 24)"
---
Buffer {
    area: Rect { x: 0, y: 0, width: 80, height: 24 },
    content: [
        "┌Magi───────────────────────────────────────────────────────────────/repo/magi/┐",
        "│∨Head:    main [hash] Initial commit                                         │",
        "│                                                                              │",
        "│∨Recent commits                                                               │",
        "┌Push──────────────────────────────────────────────────────────────────────────┐",
        "│Arguments                                                                     │",
        "│ -f Force with lease (--force-with-lease)                                     │",
        "│ -F Force (--force)                                                           │",
        "│ -h Disable hooks (--no-verify)                                               │",
        "│ -n Dry run (--dry-run)                                                       │",
        "│ -u Set upstream (--set-upstream)                                             │",
        "│ -T Include all tags (--tags)                                                 │",
        "│ -t Include related annotated tags (--follow-tags)                            │",
        "│                                                                              │",
        "│Push main to                                                                  │",
        "│ p ${push-remote}, setting it                                                 │",
        "│ u origin/main                                                                │",
        "│ e Elsewhere                                                                  │",
        "│                                                                              │",
        "│Push                                                                          │",
        "│ o Other branch        T Push a tag                                           │",
        "│ r Explicit refspec    t Push all tags                                        │",
        "│ m Matching branches                                                          │",
        "└──────────────────────────────────────────────────────────────────────────────┘",
    ],
    styles: [
        x: 0, y: 0, fg: Reset, bg: Reset, underline: Reset, modifier: NONE,
        x: 1, y: 1, fg: Yellow, bg: Rgb(60, 60, 80), underline: Reset, modifier: NONE,
        x: 2, y: 1, fg: Yellow, bg: Rgb(60, 60, 80), underline: Reset, modifier: REVERSED,
        x: 3, y: 1, fg: Yellow, bg: Rgb(60, 60, 80), underline: Reset, modifier: NONE,
        x: 11, y: 1, fg: Blue, bg: Rgb(60, 60, 80), underline: Reset, modifier: NONE,
        x: 15, y: 1, fg: Reset, bg: Rgb(60, 60, 80), underline: Reset, modifier: NONE,
        x: 16, y: 1, fg: Rgb(139, 69, 19), bg: Rgb(60, 60, 80), underline: Reset, modifier: NONE,
        x: 23, y: 1, fg: Reset, bg: Rgb(60, 60, 80), underline: Reset, modifier: NONE,
        x: 79, y: 1, fg: Reset, bg: Reset, underline: Reset, modifier: NONE,
        x: 1, y: 3, fg: Yellow, bg: Reset, underline: Reset, modifier: NONE,
        x: 16, y: 3, fg: Reset, bg: Reset, underline: Reset, modifier: NONE,
        x: 0, y: 4, fg: Blue, bg: Reset, underline: Reset, modifier: NONE,
        x: 1, y: 5, fg: Yellow, bg: Reset, underline: Reset, modifier: BOLD,
        x: 10, y: 5, fg: Reset, bg: Reset, underline: Reset, modifier: NONE,
        x: 79, y: 5, fg: Blue, bg: Reset, underline: Reset, modifier: NONE,
        x: 1, y: 6, fg: DarkGray, bg: Reset, underline: Reset, modifier: NONE,
        x: 3, y: 6, fg: Green, bg: Reset, underline: Reset, modifier: BOLD,
        x: 4, y: 6, fg: Reset, bg: Reset, underline: Reset, modifier: NONE,
        x: 23, y: 6, fg: Green, bg: Reset, underline: Reset, modifier: NONE,
        x: 41, y: 6, fg: Reset, bg: Reset, underline: Reset, modifier: NONE,
        x: 79, y: 6, fg: Blue, bg: Reset, underline: Reset, modifier: NONE,
        x: 1, y: 7, fg: DarkGray, bg: Reset, underline: Reset, modifier: NONE,
        x: 3, y: 7, fg: Green, bg: Reset, underline: Reset, modifier: BOLD,
        x: 4, y: 7, fg: Reset, bg: Reset, underline: Reset, modifier: NONE,
        x: 12, y: 7, fg: DarkGray, bg: Reset, underline: Reset, modifier: NONE,
        x: 19, y: 7, fg: Reset, bg: Reset, underline: Reset, modifier: NONE,
        x: 79, y: 7, fg: Blue, bg: Reset, underline: Reset, modifier: NONE,
        x: 1, y: 8, fg: DarkGray, bg: Reset, underline: Reset, modifier: NONE,
        x: 3, y: 8, fg: Green, bg: Reset, underline: Reset, modifier: BOLD,
        x: 4, y: 8, fg: Reset, bg: Reset, underline: Reset, modifier: NONE,
        x: 20, y: 8, fg: DarkGray, bg: Reset, underline: Reset, modifier: NONE,
        x: 31, y: 8, fg: Reset, bg: Reset, underline: Reset, modifier: NONE,
        x: 79, y: 8, fg: Blue, bg: Reset, underline: Reset, modifier: NONE,
        x: 1, y: 9, fg: DarkGray, bg: Reset, underline: Reset, modifier: NONE,
        x: 3, y: 9, fg: Green, bg: Reset, underline: Reset, modifier: BOLD,
        x: 4, y: 9, fg: Reset, bg: Reset, underline: Reset, modifier: NONE,
        x: 14, y: 9, fg: DarkGray, bg: Reset, underline: Reset, modifier: NONE,
        x: 23, y: 9, fg: Reset, bg: Reset, underline: Reset, modifier: NONE,
        x: 79, y: 9, fg: Blue, bg: Reset, underline: Reset, modifier: NONE,
        x: 1, y: 10, fg: DarkGray, bg: Reset, underline: Reset, modifier: NONE,
        x: 3, y: 10, fg: Green, bg: Reset, underline: Reset, modifier: BOLD,
        x: 4, y: 10, fg: Reset, bg: Reset, underline: Reset, modifier: NONE,
        x: 19, y: 10, fg: DarkGray, bg: Reset, underline: Reset, modifier: NONE,
        x: 33, y: 10, fg: Reset, bg: Reset, underline: Reset, modifier: NONE,
        x: 79, y: 10, fg: Blue, bg: Reset, underline: Reset, modifier: NONE,
        x: 1, y: 11, fg: DarkGray, bg: Reset, underline: Reset, modifier: NONE,
        x: 3, y: 11, fg: Green, bg: Reset, underline: Reset, modifier: BOLD,
        x: 4, y: 11, fg: Reset, bg: Reset, underline: Reset, modifier: NONE,
        x: 23, y: 11, fg: DarkGray, bg: Reset, underline: Reset, modifier: NONE,
        x: 29, y: 11, fg: Reset, bg: Reset, underline: Reset, modifier: NONE,
        x: 79, y: 11, fg: Blue, bg: Reset, underline: Reset, modifier: NONE,
        x: 1, y: 12, fg: DarkGray, bg: Reset, underline: Reset, modifier: NONE,
        x: 3, y: 12, fg: Green, bg: Reset, underline: Reset, modifier: BOLD,
        x: 4, y: 12, fg: Reset, bg: Reset, underline: Reset, modifier: NONE,
        x: 37, y: 12, fg: DarkGray, bg: Reset, underline: Reset, modifier: NONE,
        x: 50, y: 12, fg: Reset, bg: Reset, underline: Reset, modifier: NONE,
        x: 79, y: 12, fg: Blue, bg: Reset, underline: Reset, modifier: NONE,
        x: 1, y: 13, fg: Reset, bg: Reset, underline: Reset, modifier: NONE,
        x: 79, y: 13, fg: Blue, bg: Reset, underline: Reset, modifier: NONE,
        x: 1, y: 14, fg: Yellow, bg: Reset, underline: Reset, modifier: BOLD,
        x: 6, y: 14, fg: Blue, bg: Reset, underline: Reset, modifier: BOLD,
        x: 10, y: 14, fg: Yellow, bg: Reset, underline: Reset, modifier: BOLD,
        x: 13, y: 14, fg: Reset, bg: Reset, underline: Reset, modifier: NONE,
        x: 79, y: 14, fg: Blue, bg: Reset, underline: Reset, modifier: NONE,
        x: 1, y: 15, fg: DarkGray, bg: Reset, underline: Reset, modifier: NONE,
        x: 30, y: 15, fg: Reset, bg: Reset, underline: Reset, modifier: NONE,
        x: 79, y: 15, fg: Blue, bg: Reset, underline: Reset, modifier: NONE,
        x: 1, y: 16, fg: DarkGray, bg: Reset, underline: Reset, modifier: NONE,
        x: 15, y: 16, fg: Reset, bg: Reset, underline: Reset, modifier: NONE,
        x: 79, y: 16, fg: Blue, bg: Reset, underline: Reset, modifier: NONE,
        x: 1, y: 17, fg: DarkGray, bg: Reset, underline: Reset, modifier: NONE,
        x: 13, y: 17, fg: Reset, bg: Reset, underline: Reset, modifier: NONE,
        x: 79, y: 17, fg: Blue, bg: Reset, underline: Reset, modifier: NONE,
        x: 1, y: 18, fg: Reset, bg: Reset, underline: Reset, modifier: NONE,
        x: 79, y: 18, fg: Blue, bg: Reset, underline: Reset, modifier: NONE,
        x: 1, y: 19, fg: Yellow, bg: Reset, underline: Reset, modifier: BOLD,
        x: 5, y: 19, fg: Reset, bg: Reset, underline: Reset, modifier: NONE,
        x: 79, y: 19, fg: Blue, bg: Reset, underline: Reset, modifier: NONE,
        x: 1, y: 20, fg: DarkGray, bg: Reset, underline: Reset, modifier: NONE,
        x: 16, y: 20, fg: Reset, bg: Reset, underline: Reset, modifier: NONE,
        x: 23, y: 20, fg: DarkGray, bg: Reset, underline: Reset, modifier: NONE,
        x: 36, y: 20, fg: Reset, bg: Reset, underline: Reset, modifier: NONE,
        x: 79, y: 20, fg: Blue, bg: Reset, underline: Reset, modifier: NONE,
        x: 1, y: 21, fg: DarkGray, bg: Reset, underline: Reset, modifier: NONE,
        x: 20, y: 21, fg: Reset, bg: Reset, underline: Reset, modifier: NONE,
        x: 23, y: 21, fg: DarkGray, bg: Reset, underline: Reset, modifier: NONE,
        x: 39, y: 21, fg: Reset, bg: Reset, underline: Reset, modifier: NONE,
        x: 79, y: 21, fg: Blue, bg: Reset, underline: Reset, modifier: NONE,
        x: 1, y: 22, fg: DarkGray, bg: Reset, underline: Reset, modifier: NONE,
        x: 21, y: 22, fg: Reset, bg: Reset, underline: Reset, modifier: NONE,
        x: 79, y: 22, fg: Blue, bg: Reset, underline: Reset, modifier: NONE,
    ]
}
