---
source: tests/render_snapshots.rs
expression: "render_to_string(&model, 80, 24)"
---
"┌Magi───────────────────────────────────────────────────────────────/repo/magi/┐"
"│∨Head:    main [hash] Initial commit                                         │"
"│                                                                              │"
"│∨Recent commits                                                               │"
"│ [hash] main Initial commit                                                  │"
"│                                                                              │"
"│                                                                              │"
"│                                                                              │"
"│                                                                              │"
"│                                                                              │"
"│                                                                              │"
"│                                                                              │"
"│                                                                              │"
"│                                                                              │"
"│                                                                              │"
"┌Revert────────────────────────────────────────────────────────────────────────┐"
"│Arguments                                                                     │"
"│ -m Replay merge relative to parent (--mainline=)                             │"
"│ -E Don't edit commit message (--no-edit)                                     │"
"│                                                                              │"
"│Actions                                                                       │"
"│ _ Revert commit(s)                                                           │"
"│ s Skip                                                                       │"
"└──────────────────────────────────────────────────────────────────────────────┘"
