---
source: tests/render_snapshots.rs
assertion_line: 235
expression: "render_to_string(&model, 80, 24)"
---
"┌Magi───────────────────────────────────────────────────────────────/repo/magi/┐"
"│∨Head:    main [hash] Initial commit                                         │"
"│                                                                              │"
"│∨Recent commits                                                               │"
"│ [hash] main Initial commit                                                  │"
"│                                                                              │"
"│                                                                              │"
"│                                                                              │"
"│                                                                              │"
"│                                                                              │"
"│                                                                              │"
"│                                                                              │"
"│                                                                              │"
"│                                                                              │"
"┌Stash─────────────────────────────────────────────────────────────────────────┐"
"│Arguments                                                                     │"
"│ -u Also save untracked files (--include-untracked)                           │"
"│ -a Also save untracked and ignored files (--all)                             │"
"│                                                                              │"
"│Stash        Snapshot  Use                                                    │"
"│ z Both       Z Both    a Apply                                               │"
"│ i Index                p Pop                                                 │"
"│ w Worktree             k Drop                                                │"
"└──────────────────────────────────────────────────────────────────────────────┘"
