---
source: tests/render_snapshots.rs
expression: "render_to_string(&model, 80, 24)"
---
"┌Magi───────────────────────────────────────────────────────────────/repo/magi/┐"
"│∨Head:    main [hash] Initial commit                                         │"
"│                                                                              │"
"│∨Recent commits                                                               │"
"│ [hash] main Initial commit                                                  │"
"│                                                                              │"
"│                                                                              │"
"┌Rebase────────────────────────────────────────────────────────────────────────┐"
"│Arguments                                                                     │"
"│ -k Keep empty commits (--keep-empty)                                         │"
"│ -r Rebase merges (--rebase-merges=no-rebase-cousins)                         │"
"│ -u Update branches (--update-refs)                                           │"
"│ -d Use author date as committer date (--committer-date-is-author-date)       │"
"│                                                                              │"
"│Rebase main onto                                                              │"
"│ p ${push-remote}, setting it                                                 │"
"│ u ${upstream}, setting it                                                    │"
"│ e Elsewhere                                                                  │"
"│                                                                              │"
"│Rebase                                                                        │"
"│ i Interactively   m To modify a commit   f To autosquash                     │"
"│ s A subset        w To reword a commit                                       │"
"│                   k To remove a commit                                       │"
"└──────────────────────────────────────────────────────────────────────────────┘"
