---
source: tests/render_snapshots.rs
expression: "render_to_string(&model, 80, 24)"
---
"┌Magi───────────────────────────────────────────────────────────────/repo/magi/┐"
"│∨Head:    main [hash] Initial commit                                         │"
"│                                                                              │"
"│∨Recent commits                                                               │"
"│ [hash] main Initial commit                                                  │"
"│                                                                              │"
"│                                                                              │"
"│                                                                              │"
"│                                                                              │"
"│                                                                              │"
"│                                                                              │"
"│                                                                              │"
"│                                                                              │"
"│                                                                              │"
"│                                                                              │"
"│                                                                              │"
"│                                                                              │"
"┌Rebase────────────────────────────────────────────────────────────────────────┐"
"│Rebase main onto                                                              │"
"│ e Elsewhere                                                                  │"
"│                                                                              │"
"│Rebase                                                                        │"
"│ i Interactively                                                              │"
"└──────────────────────────────────────────────────────────────────────────────┘"
