---
source: tests/render_snapshots.rs
expression: "render_to_string(&model, 80, 24)"
---
"┌Magi───────────────────────────────────────────────────────────────/repo/magi/┐"
"│∨Head:    main [hash] Initial commit                                         │"
"│                                                                              │"
"│∨Recent commits                                                               │"
"│ [hash] main Initial commit                                                  │"
"│                                                                              │"
"│                                                                              │"
"│                                                                              │"
"│                                                                              │"
"│                                                                              │"
"│                                                                              │"
"│                                                                              │"
"│                                                                              │"
"│                                                                              │"
"│                                                                              │"
"│                                                                              │"
"│                                                                              │"
"│                                                                              │"
"┌Checkout──────────────────────────────────────────────────────────────────────┐"
"│[1]/[2] Checkout: feature_                                                    │"
"│feature/auth                                                                  │"
"│feature/ui                                                                    │"
"│                                                                              │"
"└──────────────────────────────────────────────────────────────────────────────┘"
