---
source: tests/render_snapshots.rs
expression: "render_to_string(&model, 80, 24)"
---
"┌Magi───────────────────────────────────────────────────────────────/repo/magi/┐"
"│∨Head:    main [hash] Initial commit                                         │"
"│                                                                              │"
"│∨Recent commits                                                               │"
"│ [hash] main Initial commit                                                  │"
"│                                                                              │"
"│                                                                              │"
"│                                                                              │"
"┌Merge─────────────────────────────────────────────────────────────────────────┐"
"│Arguments                                                                     │"
"│ -f Fast-forward only (--ff-only)                                             │"
"│ -n No fast-forward (--no-ff)                                                 │"
"│ -s Strategy (--strategy=recursive)                                           │"
"│ -b Ignore changes in amount of whitespace (-Xignore-space-change)            │"
"│                                                                              │"
"│Actions                                                                       │"
"│ m Merge                                                                      │"
"│ e Merge and edit message                                                     │"
"│ n Merge but don't commit                                                     │"
"│ a Absorb                                                                     │"
"│ p Preview merge                                                              │"
"│ s Squash merge                                                               │"
"│ d Dissolve                                                                   │"
"└──────────────────────────────────────────────────────────────────────────────┘"
