---
source: tests/render_snapshots.rs
expression: "render_to_string(&model, 80, 24)"
---
"┌Magi───────────────────────────────────────────────────────────────/repo/magi/┐"
"│∨Head:    main [hash] Initial commit                                         │"
"│                                                                              │"
"│∨Recent commits                                                               │"
"│ [hash] main Initial commit                                                  │"
"│                                                                              │"
"│                                                                              │"
"│                                                                              │"
"│                                                                              │"
"│                                                                              │"
"│                                                                              │"
"┌Log───────────────────────────────────────────────────────────────────────────┐"
"│Formatting                                                                    │"
"│ -g Show graph (--graph)                                                      │"
"│ -c Show graph in color (--color)                                             │"
"│                                                                              │"
"│Log                                                                           │"
"│ l Current                                                                    │"
"│ o Other                                                                      │"
"│ u Related                                                                    │"
"│ L Local branches                                                             │"
"│ b All branches                                                               │"
"│ a All references                                                             │"
"└──────────────────────────────────────────────────────────────────────────────┘"
