---
source: tests/render_snapshots.rs
expression: "render_to_string(&model, 80, 24)"
---
"┌Magi───────────────────────────────────────────────────────────────/repo/magi/┐"
"│∨Head:    main [hash] Initial commit                                         │"
"│                                                                              │"
"│∨Recent commits                                                               │"
"│ [hash] main Initial commit                                                  │"
"│                                                                              │"
"│                                                                              │"
"│                                                                              │"
"│                                                                              │"
"│                                                                              │"
"│                                                                              │"
"│                                                                              │"
"│                                                                              │"
"┌Tag───────────────────────────────────────────────────────────────────────────┐"
"│Arguments                                                                     │"
"│ -f Force (--force)                                                           │"
"│ -e Edit message (--edit)                                                     │"
"│ -a Annotate (--annotate)                                                     │"
"│ -s Sign (--sign)                                                             │"
"│                                                                              │"
"│Create  Do                                                                    │"
"│ t Tag   x Delete                                                             │"
"│         p Prune                                                              │"
"└──────────────────────────────────────────────────────────────────────────────┘"
